#1
2
3
4
#1asd 
2asdassad
3ewrwerew
4xcbccvbc
#1dsfsdfsd
2sfsdfsdrewrwe
3sdfsdfsew
4werwerwrwe
