#---------------
1
#---------------
1
2
#---------------
aaaaaaaaaaaaaaaaaaaaaaaaaaaaaa
bbbbbbbbbbbbbbbbbbbbbbbbbbbbbbbbbb
ccccccccccccccccccccccccccccccccccccc
dddd
#---------------
