SourceModuleName=apache;SourceModuleType=im_file;Hostname=192.168.1.1;AccountName=foo;EventTime=2013-06-11 15:44:34;HTTPMethod=GET;HTTPURL=/do?action=view&obj_id=2;HTTPResponseStatus=200;FileSize=1514;HTTPReferer=https://localhost;HTTPUserAgent='Mozilla/5.0 (X11; Linux x86_64; rv:17.0) Gecko/17.0 Firefox/17.0';HTTPParams=action=view&obj_id=2;action=view;obj_id=2;
SourceModuleName=apache;SourceModuleType=im_file;Hostname=192.168.1.1;EventTime=2013-06-11 15:44:44;HTTPMethod=GET;HTTPURL=/do?action=delete&obj_id=42;HTTPResponseStatus=401;FileSize=788;HTTPReferer=https://localhost;HTTPUserAgent='Mozilla/5.0 (X11; Linux x86_64; rv:17.0) Gecko/17.0 Firefox/17.0';HTTPParams=action=delete&obj_id=42;action=delete;obj_id=42;
