{"SourceModuleName":"cisco","SourceModuleType":"im_file","SyslogFacilityValue":4,"SyslogFacility":"AUTH","SyslogSeverityValue":6,"SyslogSeverity":"INFO","SeverityValue":2,"Severity":"INFO","Hostname":"10.0.1.1","EventTime":"2010-10-12 21:01:29","Message":"Message-Type=Authen failed,User-Name=John,NAS-IP-Address=10.0.1.2,AAA Server=acs01","ACSCategoryNumber":"02","ACSCategoryName":"FailedAuth","ACSMessageId":"1k1fg93nk","ACSTotalSegments":"1","ACSSegmentNumber":"0","Message-Type":"Authen failed","User-Name":"John","NAS-IP-Address":"10.0.1.2","AAA Server":"acs01"}
{"SourceModuleName":"cisco","SourceModuleType":"im_file","SyslogFacilityValue":4,"SyslogFacility":"AUTH","SyslogSeverityValue":6,"SyslogSeverity":"INFO","SeverityValue":2,"Severity":"INFO","Hostname":"10.0.1.1","EventTime":"2010-10-12 21:01:31","Message":"Message-Type=Authen failed,User-Name=Foo,NAS-IP-Address=10.0.1.2,AAA Server=acs01","ACSCategoryNumber":"02","ACSCategoryName":"FailedAuth","ACSMessageId":"2k1fg63nk","ACSTotalSegments":"1","ACSSegmentNumber":"0","Message-Type":"Authen failed","User-Name":"Foo","NAS-IP-Address":"10.0.1.2","AAA Server":"acs01"}
