{"Name":"John","Age":42,"Weight":84,"Height":142,"Overweight":true}
{"Name":"Mike","Weight":64,"Age":24,"Pet":"dog","Height":172}
