{"SourceModuleName":"in","SourceModuleType":"im_file","key1":"value1","key2":"value2"}
{"SourceModuleName":"in","SourceModuleType":"im_file","key1":"value1","key2":"value2"}
{"SourceModuleName":"in","SourceModuleType":"im_file","key1":"value1","key2":"value2"}
{"SourceModuleName":"in","SourceModuleType":"im_file","key1":"value1","key2":"value2"}
{"SourceModuleName":"in","SourceModuleType":"im_file","key1":"value1","key2":"value2"}
{"SourceModuleName":"in","SourceModuleType":"im_file","key1":"value1","key2":"value2"}
{"SourceModuleName":"in","SourceModuleType":"im_file","key1":"value1","key2":"value2"}
{"SourceModuleName":"in","SourceModuleType":"im_file","key1":"value 1","key2":"value 2"}
{"SourceModuleName":"in","SourceModuleType":"im_file","key 1":"value 1","key 2":"value 2"}
{"SourceModuleName":"in","SourceModuleType":"im_file","key1":"value1","key2":"value2"}
{"SourceModuleName":"in","SourceModuleType":"im_file","key1":"value1","key2":"value2"}
{"SourceModuleName":"in","SourceModuleType":"im_file","key1":"value1","key2":"value2"}
{"SourceModuleName":"in","SourceModuleType":"im_file","key 1":"value1","key 2":"value2"}
{"SourceModuleName":"in","SourceModuleType":"im_file","key 1":"value 1","key 2":"value 2"}
{"SourceModuleName":"in","SourceModuleType":"im_file","key 1":"value 1 ","key 2":"value 2 "}
{"SourceModuleName":"in","SourceModuleType":"im_file","key 1":" value 1 ","key 2":" value 2 "}
{"SourceModuleName":"in","SourceModuleType":"im_file","key1":"value1","key2":"value2"}
{"SourceModuleName":"in","SourceModuleType":"im_file","key1":"value1","key2":"value2"}
{"SourceModuleName":"in","SourceModuleType":"im_file","key1":"value1","key2":"value 2","key3":"value-3"}
{"SourceModuleName":"in","SourceModuleType":"im_file","key1":"value1","key2":"value2","key3":"value3"}
{"SourceModuleName":"in","SourceModuleType":"im_file","key1":"value1","key2":"value2","key3":"value3"}
{"SourceModuleName":"in","SourceModuleType":"im_file","key1":"value1","key2":"value2"}
{"SourceModuleName":"in","SourceModuleType":"im_file","key1":"value1","key2":"value2","key3":"value3"}
{"SourceModuleName":"in","SourceModuleType":"im_file","key1":"value1","key2":"value2","key3":"value3"}
