{"SourceModuleName":"in","SourceModuleType":"im_file","key1":"value \" value","key2":"\"value\""}
{"SourceModuleName":"in","SourceModuleType":"im_file","key1":"value \" val\\:ue","key2":"\"value\""}
{"SourceModuleName":"in","SourceModuleType":"im_file","key1":"value \", val\\=ue","key2":"\"value\""}
{"SourceModuleName":"in","SourceModuleType":"im_file","app_name":"HealthCheck","app_instance_id":"575d6eb0716c4a5b8f785ddc21022d8d","event":"CheckCompleted","check":"DNS","Parameters":"Query=example.com; Timeout=2000 ms","run_id":1,"result":"Success","processing_time":1094,"text":"OK, resolved \"example.com\" to 10.1.2.20, 10.1.2.14"}
{"SourceModuleName":"in","SourceModuleType":"im_file","text":"OK, resolved \"example.com\" to 10.1.2.20, 10.1.2.14","app_name":"HealthCheck","app_instance_id":"575d6eb0716c4a5b8f785ddc21022d8d","event":"CheckCompleted","check":"DNS","Parameters":"Query=example.com; Timeout=2000 ms","run_id":1,"result":"Success","processing_time":1094}
