key1=value1;key2=value2;
key1="value 1";key2="value 2";key3="value 3";
key1=value\"1;key2=\"value2\";
